[22:22:07]
0 %, 3172 MiB
    "current_round": 1,
    "buffered_updates": 0,
    "training_done": false

[22:22:12]
0 %, 3172 MiB
    "current_round": 1,
    "buffered_updates": 0,
    "training_done": false

[22:22:17]
0 %, 3172 MiB
    "current_round": 1,
    "buffered_updates": 0,
    "training_done": false

[22:22:22]
0 %, 3172 MiB
    "current_round": 1,
    "buffered_updates": 0,
    "training_done": false

[22:22:27]
81 %, 3866 MiB
    "current_round": 1,
    "buffered_updates": 0,
    "training_done": false

[22:22:33]
97 %, 4422 MiB
    "current_round": 1,
    "buffered_updates": 0,
    "training_done": false

[22:22:38]
50 %, 4456 MiB
    "current_round": 1,
    "buffered_updates": 1,
    "training_done": false

[22:22:43]
0 %, 1202 MiB
    "current_round": 2,
    "buffered_updates": 0,
    "training_done": true

[22:22:48]
0 %, 236 MiB
    "current_round": 2,
    "buffered_updates": 0,
    "training_done": true

[22:22:53]
0 %, 236 MiB
    "current_round": 2,
    "buffered_updates": 0,
    "training_done": true

[22:22:58]
0 %, 236 MiB
    "current_round": 2,
    "buffered_updates": 0,
    "training_done": true

[22:23:03]
0 %, 236 MiB
    "current_round": 2,
    "buffered_updates": 0,
    "training_done": true

[22:23:08]
0 %, 236 MiB
    "current_round": 2,
    "buffered_updates": 0,
    "training_done": true

[22:23:13]
0 %, 236 MiB
    "current_round": 2,
    "buffered_updates": 0,
    "training_done": true

[22:23:18]
0 %, 236 MiB
    "current_round": 2,
    "buffered_updates": 0,
    "training_done": true

[22:23:23]
0 %, 236 MiB
    "current_round": 2,
    "buffered_updates": 0,
    "training_done": true

[22:23:28]
0 %, 236 MiB
    "current_round": 2,
    "buffered_updates": 0,
    "training_done": true

[22:23:33]
0 %, 236 MiB
    "current_round": 2,
    "buffered_updates": 0,
    "training_done": true

[22:23:39]
0 %, 236 MiB
    "current_round": 2,
    "buffered_updates": 0,
    "training_done": true

[22:23:44]
0 %, 236 MiB
    "current_round": 2,
    "buffered_updates": 0,
    "training_done": true

[22:23:49]
0 %, 236 MiB
    "current_round": 2,
    "buffered_updates": 0,
    "training_done": true

[22:23:54]
0 %, 236 MiB
    "current_round": 2,
    "buffered_updates": 0,
    "training_done": true

[22:23:59]
0 %, 236 MiB
    "current_round": 2,
    "buffered_updates": 0,
    "training_done": true

[22:24:04]
0 %, 236 MiB
    "current_round": 2,
    "buffered_updates": 0,
    "training_done": true

